// Jest Snapshot v1, https://goo.gl/fbAQLP

exports[`Text matches snapshot 1`] = `
<div>
  <div
    class="css-84mwxq-Heading"
  >
    You may say that I'm a dreamer
  </div>
</div>
`;
